#-----------------------------------------------------------
# Vivado v2020.2 (64-bit)
# SW Build 3064766 on Wed Nov 18 09:12:45 MST 2020
# IP Build 3064653 on Wed Nov 18 14:17:31 MST 2020
# Start of session at: Sat Apr  3 18:41:42 2021
# Process ID: 22472
# Current directory: C:/Users/valer/Documents/desd-labs/LAB1/KittCar
# Command line: vivado.exe -gui_launcher_event rodinguilauncherevent36020 C:\Users\valer\Documents\desd-labs\LAB1\KittCar\KittCar.xpr
# Log file: C:/Users/valer/Documents/desd-labs/LAB1/KittCar/vivado.log
# Journal file: C:/Users/valer/Documents/desd-labs/LAB1/KittCar\vivado.jou
#-----------------------------------------------------------
start_gui
open_project C:/Users/valer/Documents/desd-labs/LAB1/KittCar/KittCar.xpr
update_compile_order -fileset sources_1
reset_run synth_1
launch_runs impl_1 -to_step write_bitstream -jobs 4
wait_on_run impl_1
open_run impl_1
set_property is_enabled true [get_files  C:/Users/valer/Documents/desd-labs/LAB1/KittCar/KittCar.srcs/sim_1/new/top_sim.vhd]
update_compile_order -fileset sim_1
update_compile_order -fileset sim_1
launch_simulation
source top_sim.tcl
set_property DRIVE 12 [get_ports [list {leds[15]} {leds[14]} {leds[13]} {leds[12]} {leds[11]} {leds[10]} {leds[9]} {leds[8]} {leds[7]} {leds[6]} {leds[5]} {leds[4]} {leds[3]} {leds[2]} {leds[1]} {leds[0]}]]
save_constraints
reset_run impl_1
launch_runs impl_1 -to_step write_bitstream -jobs 4
wait_on_run impl_1
close_design
open_run impl_1
close_design
synth_design -rtl -rtl_skip_mlo -name rtl_1
close_sim
