#-----------------------------------------------------------
# Webtalk v2020.2 (64-bit)
# SW Build 3064766 on Wed Nov 18 09:12:45 MST 2020
# IP Build 3064653 on Wed Nov 18 14:17:31 MST 2020
# Start of session at: Mon Mar 15 11:17:01 2021
# Process ID: 17568
# Current directory: C:/Users/valer/DriveVero/Politecnico/4_2_DESD/LAB0/LAB0_ShiftRegister_project.xpr/LAB0_ShiftRegister_project/LAB0_ShiftRegister_project.sim/sim_3/behav/xsim
# Command line: wbtcv.exe -mode batch -source C:/Users/valer/DriveVero/Politecnico/4_2_DESD/LAB0/LAB0_ShiftRegister_project.xpr/LAB0_ShiftRegister_project/LAB0_ShiftRegister_project.sim/sim_3/behav/xsim/xsim.dir/tb_ShiftRegister_v2_behav/webtalk/xsim_webtalk.tcl -notrace
# Log file: C:/Users/valer/DriveVero/Politecnico/4_2_DESD/LAB0/LAB0_ShiftRegister_project.xpr/LAB0_ShiftRegister_project/LAB0_ShiftRegister_project.sim/sim_3/behav/xsim/webtalk.log
# Journal file: C:/Users/valer/DriveVero/Politecnico/4_2_DESD/LAB0/LAB0_ShiftRegister_project.xpr/LAB0_ShiftRegister_project/LAB0_ShiftRegister_project.sim/sim_3/behav/xsim\webtalk.jou
#-----------------------------------------------------------
source C:/Users/valer/DriveVero/Politecnico/4_2_DESD/LAB0/LAB0_ShiftRegister_project.xpr/LAB0_ShiftRegister_project/LAB0_ShiftRegister_project.sim/sim_3/behav/xsim/xsim.dir/tb_ShiftRegister_v2_behav/webtalk/xsim_webtalk.tcl -notrace
