#-----------------------------------------------------------
# Webtalk v2019.2 (64-bit)
# SW Build 2708876 on Wed Nov  6 21:40:23 MST 2019
# IP Build 2700528 on Thu Nov  7 00:09:20 MST 2019
# Start of session at: Mon Mar 16 19:00:22 2020
# Process ID: 10716
# Current directory: C:/Users/nicol/Desktop/POLIMI/Didattica/Digital_Electronic_System_Design/ClassRoom LAB1/PulseWidthModulator/PulseWidthModulator.sim/sim_1/behav/xsim
# Command line: wbtcv.exe -mode batch -source C:/Users/nicol/Desktop/POLIMI/Didattica/Digital_Electronic_System_Design/ClassRoom LAB1/PulseWidthModulator/PulseWidthModulator.sim/sim_1/behav/xsim/xsim.dir/tb_PulseWidthModulator_behav/webtalk/xsim_webtalk.tcl -notrace
# Log file: C:/Users/nicol/Desktop/POLIMI/Didattica/Digital_Electronic_System_Design/ClassRoom LAB1/PulseWidthModulator/PulseWidthModulator.sim/sim_1/behav/xsim/webtalk.log
# Journal file: C:/Users/nicol/Desktop/POLIMI/Didattica/Digital_Electronic_System_Design/ClassRoom LAB1/PulseWidthModulator/PulseWidthModulator.sim/sim_1/behav/xsim\webtalk.jou
#-----------------------------------------------------------
source C:/Users/nicol/Desktop/POLIMI/Didattica/Digital_Electronic_System_Design/ClassRoom -notrace
