Copyright 1986-2020 Xilinx, Inc. All Rights Reserved.
---------------------------------------------------------------------------------------------
| Tool Version : Vivado v.2020.2 (win64) Build 3064766 Wed Nov 18 09:12:45 MST 2020
| Date         : Fri May 21 17:07:48 2021
| Host         : DESKTOP-65ETA1A running 64-bit major release  (build 9200)
| Command      : report_control_sets -verbose -file design_1_wrapper_control_sets_placed.rpt
| Design       : design_1_wrapper
| Device       : xc7a35t
---------------------------------------------------------------------------------------------

Control Set Information

Table of Contents
-----------------
1. Summary
2. Histogram
3. Flip-Flop Distribution
4. Detailed Control Set Information

1. Summary
----------

+----------------------------------------------------------+-------+
|                          Status                          | Count |
+----------------------------------------------------------+-------+
| Total control sets                                       |    22 |
|    Minimum number of control sets                        |    22 |
|    Addition due to synthesis replication                 |     0 |
|    Addition due to physical synthesis replication        |     0 |
| Unused register locations in slices containing registers |    69 |
+----------------------------------------------------------+-------+
* Control sets can be merged at opt_design using control_set_merge or merge_equivalent_drivers
** Run report_qor_suggestions for automated merging and remapping suggestions


2. Histogram
------------

+--------------------+-------+
|       Fanout       | Count |
+--------------------+-------+
| Total control sets |    22 |
| >= 0 to < 4        |     0 |
| >= 4 to < 6        |     5 |
| >= 6 to < 8        |     2 |
| >= 8 to < 10       |     2 |
| >= 10 to < 12      |     2 |
| >= 12 to < 14      |     2 |
| >= 14 to < 16      |     2 |
| >= 16              |     7 |
+--------------------+-------+
* Control sets can be remapped at either synth_design or opt_design


3. Flip-Flop Distribution
-------------------------

+--------------+-----------------------+------------------------+-----------------+--------------+
| Clock Enable | Synchronous Set/Reset | Asynchronous Set/Reset | Total Registers | Total Slices |
+--------------+-----------------------+------------------------+-----------------+--------------+
| No           | No                    | No                     |             209 |           47 |
| No           | No                    | Yes                    |               5 |            2 |
| No           | Yes                   | No                     |              91 |           34 |
| Yes          | No                    | No                     |               4 |            1 |
| Yes          | No                    | Yes                    |              16 |            3 |
| Yes          | Yes                   | No                     |             158 |           41 |
+--------------+-----------------------+------------------------+-----------------+--------------+


4. Detailed Control Set Information
-----------------------------------

+-------------------------------------+----------------------------------------------------------------------------------------------------------+------------------------------------------------------------------------------------------------------------------------------------------------------+------------------+----------------+--------------+
|             Clock Signal            |                                               Enable Signal                                              |                                                                   Set/Reset Signal                                                                   | Slice Load Count | Bel Load Count | Bels / Slice |
+-------------------------------------+----------------------------------------------------------------------------------------------------------+------------------------------------------------------------------------------------------------------------------------------------------------------+------------------+----------------+--------------+
|  design_1_i/clk_wiz_0/inst/clk_out1 |                                                                                                          | design_1_i/AXI4Stream_UART_0/U0/FIFO_DATA_RX/gnuram_async_fifo.xpm_fifo_base_inst/xpm_fifo_rst_inst/FSM_onehot_gen_rst_ic.curr_wrst_state[4]_i_1_n_0 |                2 |              4 |         2.00 |
|  design_1_i/clk_wiz_0/inst/clk_out1 |                                                                                                          | design_1_i/proc_sys_reset_0/U0/EXT_LPF/lpf_int                                                                                                       |                2 |              4 |         2.00 |
|  design_1_i/clk_wiz_0/inst/clk_out1 | design_1_i/AXI4Stream_UART_0/U0/UART_Manager_inst/Inst_uart/rx_baud_tick                                 |                                                                                                                                                      |                1 |              4 |         4.00 |
|  design_1_i/clk_wiz_0/inst/clk_out2 |                                                                                                          | design_1_i/AXI4Stream_UART_0/U0/FIFO_DATA_TX/gnuram_async_fifo.xpm_fifo_base_inst/xpm_fifo_rst_inst/FSM_onehot_gen_rst_ic.curr_wrst_state[4]_i_1_n_0 |                2 |              4 |         2.00 |
|  design_1_i/clk_wiz_0/inst/clk_out2 |                                                                                                          | design_1_i/proc_sys_reset_1/U0/EXT_LPF/lpf_int                                                                                                       |                1 |              4 |         4.00 |
|  design_1_i/clk_wiz_0/inst/clk_out1 | design_1_i/proc_sys_reset_0/U0/SEQ/seq_cnt_en                                                            | design_1_i/proc_sys_reset_0/U0/SEQ/SEQ_COUNTER/clear                                                                                                 |                1 |              6 |         6.00 |
|  design_1_i/clk_wiz_0/inst/clk_out2 | design_1_i/proc_sys_reset_1/U0/SEQ/seq_cnt_en                                                            | design_1_i/proc_sys_reset_1/U0/SEQ/SEQ_COUNTER/clear                                                                                                 |                1 |              6 |         6.00 |
|  design_1_i/clk_wiz_0/inst/clk_out1 | design_1_i/AXI4Stream_UART_0/U0/UART_Manager_inst/Inst_uart/E[0]                                         | design_1_i/proc_sys_reset_0/U0/peripheral_reset[0]                                                                                                   |                2 |              8 |         4.00 |
|  design_1_i/clk_wiz_0/inst/clk_out1 | design_1_i/AXI4Stream_UART_0/U0/UART_Manager_inst/data_stream_in[7]_i_1_n_0                              | design_1_i/proc_sys_reset_0/U0/peripheral_reset[0]                                                                                                   |                1 |              8 |         8.00 |
|  design_1_i/clk_wiz_0/inst/clk_out1 | design_1_i/AXI4Stream_UART_0/U0/UART_Manager_inst/Inst_uart/uart_tx_count[2]_i_1_n_0                     | design_1_i/proc_sys_reset_0/U0/peripheral_reset[0]                                                                                                   |                3 |             10 |         3.33 |
|  design_1_i/clk_wiz_0/inst/clk_out1 | design_1_i/AXI4Stream_UART_0/U0/UART_Manager_inst/Inst_uart/uart_rx_data_vec                             | design_1_i/proc_sys_reset_0/U0/peripheral_reset[0]                                                                                                   |                3 |             11 |         3.67 |
|  design_1_i/clk_wiz_0/inst/clk_out1 |                                                                                                          | design_1_i/AXI4Stream_UART_0/U0/FIFO_DATA_RX/gnuram_async_fifo.xpm_fifo_base_inst/xpm_fifo_rst_inst/wrst_busy                                        |                5 |             12 |         2.40 |
|  design_1_i/clk_wiz_0/inst/clk_out2 |                                                                                                          | design_1_i/AXI4Stream_UART_0/U0/FIFO_DATA_TX/gnuram_async_fifo.xpm_fifo_base_inst/xpm_fifo_rst_inst/wrst_busy                                        |                5 |             12 |         2.40 |
|  design_1_i/clk_wiz_0/inst/clk_out1 |                                                                                                          | design_1_i/AXI4Stream_UART_0/U0/FIFO_DATA_TX/gnuram_async_fifo.xpm_fifo_base_inst/xpm_fifo_rst_inst/gen_rst_ic.fifo_rd_rst_ic_reg_0                  |                6 |             15 |         2.50 |
|  design_1_i/clk_wiz_0/inst/clk_out2 |                                                                                                          | design_1_i/AXI4Stream_UART_0/U0/FIFO_DATA_RX/gnuram_async_fifo.xpm_fifo_base_inst/xpm_fifo_rst_inst/gen_rst_ic.fifo_rd_rst_ic_reg_0                  |                6 |             15 |         2.50 |
|  design_1_i/clk_wiz_0/inst/clk_out1 | design_1_i/AXI4Stream_UART_0/U0/FIFO_DATA_TX/gnuram_async_fifo.xpm_fifo_base_inst/rdp_inst/E[0]          | design_1_i/AXI4Stream_UART_0/U0/FIFO_DATA_TX/gnuram_async_fifo.xpm_fifo_base_inst/xpm_fifo_rst_inst/gen_rst_ic.fifo_rd_rst_ic_reg_0                  |                6 |             23 |         3.83 |
|  design_1_i/clk_wiz_0/inst/clk_out2 | design_1_i/AXI4Stream_UART_0/U0/FIFO_DATA_RX/gnuram_async_fifo.xpm_fifo_base_inst/rdp_inst/E[0]          | design_1_i/AXI4Stream_UART_0/U0/FIFO_DATA_RX/gnuram_async_fifo.xpm_fifo_base_inst/xpm_fifo_rst_inst/gen_rst_ic.fifo_rd_rst_ic_reg_0                  |                6 |             23 |         3.83 |
|  design_1_i/clk_wiz_0/inst/clk_out1 |                                                                                                          | design_1_i/proc_sys_reset_0/U0/peripheral_reset[0]                                                                                                   |                7 |             26 |         3.71 |
|  design_1_i/clk_wiz_0/inst/clk_out1 | design_1_i/AXI4Stream_UART_0/U0/FIFO_DATA_RX/gnuram_async_fifo.xpm_fifo_base_inst/xpm_fifo_rst_inst/E[0] | design_1_i/AXI4Stream_UART_0/U0/FIFO_DATA_RX/gnuram_async_fifo.xpm_fifo_base_inst/xpm_fifo_rst_inst/wrst_busy                                        |                9 |             34 |         3.78 |
|  design_1_i/clk_wiz_0/inst/clk_out2 | design_1_i/AXI4Stream_UART_0/U0/FIFO_DATA_TX/gnuram_async_fifo.xpm_fifo_base_inst/xpm_fifo_rst_inst/E[0] | design_1_i/AXI4Stream_UART_0/U0/FIFO_DATA_TX/gnuram_async_fifo.xpm_fifo_base_inst/xpm_fifo_rst_inst/wrst_busy                                        |               12 |             45 |         3.75 |
|  design_1_i/clk_wiz_0/inst/clk_out2 |                                                                                                          |                                                                                                                                                      |               24 |            105 |         4.38 |
|  design_1_i/clk_wiz_0/inst/clk_out1 |                                                                                                          |                                                                                                                                                      |               25 |            106 |         4.24 |
+-------------------------------------+----------------------------------------------------------------------------------------------------------+------------------------------------------------------------------------------------------------------------------------------------------------------+------------------+----------------+--------------+


